// Jest Snapshot v1, https://goo.gl/fbAQLP

exports[`advanced options 1`] = `
"<!DOCTYPE html>
<html lang=\\"en\\">
  <head>
    <meta charset=\\"UTF-8\\">
    <meta name=\\"viewport\\" content=\\"width=device-width, initial-scale=1.0\\">
    <meta http-equiv=\\"X-UA-Compatible\\" content=\\"ie=edge\\">
    <title>advanced options</title>
    <meta name=\\"description\\" content=\\"mini-html-webpack-template\\">
    <meta property=\\"og:description\\" content=\\"mini-html-webpack-template\\">
    <link rel=\\"icon\\" type=\\"image/x-icon\\" href=\\"/favicon.ico\\">
    <style id=\\"head-raw-array-1\\"></style>
    <style id=\\"head-raw-array-2\\"></style>
    <script async=\\"\\" type=\\"text/javascript\\" src=\\"/bundle.js\\"></script>
  </head>
  <body>
    <script id=\\"body-raw-array-1\\"></script>
    <script id=\\"body-raw-array-2\\"></script>
    <script src=\\"runtime~main.js\\"></script><script src=\\"main.js\\"></script>
  </body>
</html>"
`;

exports[`common options 1`] = `"<!DOCTYPE html><html><head><meta charset=\\"UTF-8\\"><meta name=\\"viewport\\" content=\\"width=device-width, initial-scale=1.0\\"><meta http-equiv=\\"X-UA-Compatible\\" content=\\"ie=edge\\"><title>common options</title><link rel=\\"icon\\" type=\\"image/x-icon\\" href=\\"/favicon.ico\\"></head><body><div id=\\"root\\"></div><script src=\\"runtime~main.js\\"></script><script src=\\"main.js\\"></script></body></html>"`;
